// Vitest Snapshot v1, https://vitest.dev/guide/snapshot.html

exports[`App component snapshot 1`] = `
<DocumentFragment>
  <div
    class="flex flex-col h-screen justify-between"
  >
    <div>
      <div
        class="w-full bg-black flex items-center justify-center py-2 md:py-2"
      >
        <div
          class="h-16 md:h-28"
        >
          <a
            class="header-logo-link"
            href=""
          >
            <img
              alt="Logo"
              class="h-full"
              src="/src/assets/BR-logo-tr.png"
            />
          </a>
        </div>
      </div>
      <div
        class="relative w-full h-60 md:h-92 lg:h-108"
      >
        <img
          alt="Lovely-dinner"
          class="w-full h-full object-cover"
          src="/src/assets/food.jpg"
          style="z-index: -1;"
        />
        <div
          class="absolute inset-0 bg-orange-500 opacity-30"
        />
        <div
          class="absolute left-1/2 transform -translate-x-1/2 top-16 w-full max-w-xs sm:max-w-md "
        >
          <h1
            class="text-2xl sm:text-3xl font-semibold mb-4 text-white  flex flex-col items-center"
          >
            What would you like to make?
          </h1>
        </div>
      </div>
      <footer
        class="bottom-0 left-0 w-full bg-black h-10 flex items-center justify-center"
      >
        <p
          class="text-orange-300 text-xs"
        >
          2023 Bohemian Recipe
        </p>
      </footer>
    </div>
  </div>
</DocumentFragment>
`;
