// Vitest Snapshot v1, https://vitest.dev/guide/snapshot.html

exports[`renders cards without error, with correct category, and correct title is displayed on card 1`] = `
<body>
  <div>
    <div
      class="w-full h-96 p-0 text-left rounded-xl border-8 border-black bg-zinc-900 border-color-orange transition-none"
      data-testid="cypress-recipe-card-Vegetarian"
      style="cursor: pointer;"
      tabindex="0"
      title="Kafteji"
    >
      <img
        class="rounded-t-md w-full h-1/2 object-cover"
        src="https://www.themealdb.com/images/media/meals/1bsv1q1560459826.jpg"
      />
      <div
        class="p-4 text-white"
      >
        <h2
          class="text-xl font-semibold mb-2"
        >
          Kafteji
        </h2>
        <hr
          class="my-2"
        />
        <p
          class="mt-auto"
          data-testid="cypress-recipe-category"
        >
          Vegetarian
        </p>
        <p
          class="mt-auto"
        >
          <span
            class=""
          >
            â˜…
          </span>
           
          4.00
           / 5
        </p>
      </div>
    </div>
  </div>
</body>
`;
